// Jest Snapshot v1, https://goo.gl/fbAQLP

exports[`ResultList renders correctly 1`] = `
<div
  className="Results"
>
  <div>
    <strong>
      1337
    </strong>
  </div>
  <div>
    <strong>
      42
    </strong>
  </div>
</div>
`;
