// Jest Snapshot v1, https://goo.gl/fbAQLP

exports[`App renders correctly 1`] = `
<div
  className="App"
>
  <header
    className="App-header"
  >
    <h1
      className="App-title"
    >
      Zufallszahlengenerator
    </h1>
  </header>
  <div
    className="container"
  >
    <div
      className="row"
    >
      <div
        className="col-xs-6"
      >
        <div
          className="form-group form-group-lg"
        >
          <label
            className="control-label"
            htmlFor="min"
          >
            Min
          </label>
           
          <input
            className="form-control"
            id="min"
            name="minValue"
            onChange={[Function]}
            type="number"
            value={1}
          />
        </div>
      </div>
      <div
        className="col-xs-6"
      >
        <div
          className="form-group form-group-lg"
        >
          <label
            className="control-label"
            htmlFor="max"
          >
            Max
          </label>
           
          <input
            className="form-control"
            id="max"
            name="maxValue"
            onChange={[Function]}
            type="number"
            value={32}
          />
        </div>
      </div>
      <div
        className="col-xs-12"
      >
        <button
          className="btn btn-lg btn-primary btn-block"
          disabled={false}
          onClick={[Function]}
          type="button"
        >
          WÃ¼rfeln
        </button>
      </div>
    </div>
  </div>
  <div
    className="Results"
  />
</div>
`;
